[html.themewant.com/unipix/about.html]
[backblue.gif]
[fade.gif]
[index.html]
[html.themewant.com/unipix/assets/images/fav.png]
[html.themewant.com/unipix/assets/css/plugins/animate.min.css]
[html.themewant.com/unipix/assets/css/vendor/bootstrap.min.css]
[html.themewant.com/unipix/assets/css/plugins/fontawesome.min.css]
[html.themewant.com/unipix/assets/css/plugins/swiper.min.css]
[html.themewant.com/unipix/assets/css/vendor/magnific-popup.css]
[html.themewant.com/unipix/assets/css/vendor/metismenu.css]
[html.themewant.com/unipix/assets/css/plugins/nice-select.css]
[html.themewant.com/unipix/assets/css/plugins/jquery-ui.css]
[html.themewant.com/unipix/assets/css/style.css]
[html.themewant.com/unipix/index.html]
[html.themewant.com/unipix/assets/images/logo/logo__five.svg]
[html.themewant.com/unipix/index-two.html]
[html.themewant.com/unipix/index-three.html]
[html.themewant.com/unipix/index-four.html]
[html.themewant.com/unipix/index-five.html]
[html.themewant.com/unipix/athletics.html]
[html.themewant.com/unipix/faculty.html]
[html.themewant.com/unipix/faculty-details.html]
[html.themewant.com/unipix/research.html]
[html.themewant.com/unipix/academic.html]
[html.themewant.com/unipix/admission.html]
[html.themewant.com/unipix/academic-area.html]
[html.themewant.com/unipix/campus-life.html]
[html.themewant.com/unipix/scholarship.html]
[html.themewant.com/unipix/tution-fee.html]
[html.themewant.com/unipix/alumni.html]
[html.themewant.com/unipix/program-single.html]
[html.themewant.com/unipix/event.html]
[html.themewant.com/unipix/event-details.html]
[html.themewant.com/unipix/blog.html]
[html.themewant.com/unipix/blog-grid.html]
[html.themewant.com/unipix/blog-list.html]
[html.themewant.com/unipix/blog-details.html]
[html.themewant.com/unipix/contact.html]
[html.themewant.com/unipix/assets/images/banner/breadcrumb.jpg]
[html.themewant.com/unipix/assets/images/about/about-01.jpg]
[html.themewant.com/unipix/assets/images/icon/11.svg]
[html.themewant.com/unipix/assets/images/icon/12.svg]
[html.themewant.com/unipix/assets/images/icon/13.svg]
[html.themewant.com/unipix/assets/images/about/history.jpg]
[html.themewant.com/unipix/assets/images/about/mission-1.jpg]
[html.themewant.com/unipix/assets/images/about/mission-2.jpg]
[html.themewant.com/unipix/assets/images/about/mission-3.jpg]
[html.themewant.com/unipix/assets/images/about/mission-4.jpg]
[html.themewant.com/unipix/assets/images/about/video-thumb.jpg]
[html.themewant.com/unipix/assets/images/testimonial/testimonial-big.jpg]
[html.themewant.com/unipix/assets/images/testimonial/quote.svg]
[html.themewant.com/unipix/assets/images/testimonial/author-1.png]
[html.themewant.com/unipix/index]
[html.themewant.com/unipix/assets/images/logo/logo__white.svg]
[html.themewant.com/unipix/reasearch.html]
[html.themewant.com/unipix/assets/images/offcanvase.jpg]
[html.themewant.com/unipix/assets/js/vendor/jquery.min.js]
[html.themewant.com/unipix/assets/js/plugins/bootstrap.min.js]
[html.themewant.com/unipix/assets/js/vendor/jquery-ui.js]
[html.themewant.com/unipix/assets/js/vendor/waw.js]
[html.themewant.com/unipix/assets/js/vendor/metismenu.js]
[html.themewant.com/unipix/assets/js/vendor/magnifying-popup.js]
[html.themewant.com/unipix/assets/js/plugins/swiper.js]
[html.themewant.com/unipix/assets/js/plugins/counterup.js]
[html.themewant.com/unipix/assets/js/vendor/waypoint.js]
[html.themewant.com/unipix/assets/js/plugins/isotop.js]
[html.themewant.com/unipix/assets/js/plugins/imagesloaded.pkgd.min.js]
[html.themewant.com/unipix/assets/js/plugins/sticky-sidebar.js]
[html.themewant.com/unipix/assets/js/plugins/resize-sensor.js]
[html.themewant.com/unipix/assets/js/plugins/twinmax.js]
[html.themewant.com/unipix/assets/js/plugins/contact.form.js]
[html.themewant.com/unipix/assets/js/plugins/nice-select.min.js]
[html.themewant.com/unipix/about.html]
[html.themewant.com/unipix/assets/js/main.js]
[html.themewant.com/unipix/assets/css/plugins/animate.min.css]
[html.themewant.com/unipix/assets/fonts/fa-brands-400.woff2]
[html.themewant.com/unipix/assets/fonts/fa-brands-400.ttf]
[html.themewant.com/unipix/assets/fonts/fa-duotone-900.html]
[html.themewant.com/unipix/assets/fonts/fa-duotone-901.html]
[html.themewant.com/unipix/assets/fonts/fa-light-300.woff2]
[html.themewant.com/unipix/assets/fonts/fa-light-300.ttf]
[html.themewant.com/unipix/assets/fonts/fa-regular-400.woff2]
[html.themewant.com/unipix/assets/fonts/fa-regular-400.ttf]
[html.themewant.com/unipix/assets/fonts/fa-solid-900.woff2]
[html.themewant.com/unipix/assets/fonts/fa-solid-900.ttf]
[html.themewant.com/unipix/assets/fonts/fa-thin-100.woff2]
[html.themewant.com/unipix/assets/fonts/fa-thin-100.ttf]
[html.themewant.com/unipix/assets/fonts/fa-v4compatibility.woff2]
[html.themewant.com/unipix/assets/fonts/fa-v4compatibility.ttf]
[html.themewant.com/unipix/assets/css/plugins/fontawesome.min.css]
[html.themewant.com/unipix/assets/css/vendor/bootstrap.min.css]
[html.themewant.com/unipix/assets/css/plugins/swiper.min.css]
[html.themewant.com/unipix/assets/css/vendor/magnific-popup.css]
[html.themewant.com/unipix/assets/css/vendor/metismenu.css]
[html.themewant.com/unipix/assets/css/plugins/nice-select.css]
[html.themewant.com/unipix/assets/css/plugins/images/ui-icons_444444_256x240.png]
[html.themewant.com/unipix/assets/css/plugins/images/ui-icons_555555_256x240.png]
[html.themewant.com/unipix/assets/css/plugins/images/ui-icons_ffffff_256x240.png]
[html.themewant.com/unipix/assets/css/plugins/images/ui-icons_777620_256x240.png]
[html.themewant.com/unipix/assets/css/plugins/images/ui-icons_cc0000_256x240.png]
[html.themewant.com/unipix/assets/css/plugins/images/ui-icons_777777_256x240.png]
[html.themewant.com/unipix/assets/css/plugins/jquery-ui.css]
[html.themewant.com/unipix/assets/css/vendor/canela-font.css]
[html.themewant.com/unipix/assets/images/bg/bg-image-1.jpg]
[html.themewant.com/unipix/assets/images/bg/bg-image-2.jpg]
[html.themewant.com/unipix/assets/images/bg/bg-image-3.jpg]
[html.themewant.com/unipix/assets/images/bg/bg-image-4.jpg]
[html.themewant.com/unipix/assets/images/bg/bg-image-5.jpg]
[html.themewant.com/unipix/assets/images/bg/bg-image-6.jpg]
[html.themewant.com/unipix/assets/images/bg/bg-image-7.jpg]
[html.themewant.com/unipix/assets/images/bg/bg-image-8.jpg]
[html.themewant.com/unipix/assets/images/bg/bg-image-9.jpg]
[html.themewant.com/unipix/assets/images/bg/bg-image-10.jpg]
[html.themewant.com/unipix/assets/images/bg/bg-image-11.jpg]
[html.themewant.com/unipix/assets/images/bg/bg-image-12.jpg]
[html.themewant.com/unipix/assets/images/bg/bg-image-13.jpg]
[html.themewant.com/unipix/assets/images/bg/bg-image-14.jpg]
[html.themewant.com/unipix/assets/images/bg/bg-image-15.jpg]
[html.themewant.com/unipix/assets/images/bg/bg-image-16.jpg]
[html.themewant.com/unipix/assets/images/bg/bg-image-17.jpg]
[html.themewant.com/unipix/assets/images/bg/bg-image-18.jpg]
[html.themewant.com/unipix/assets/images/bg/bg-image-19.jpg]
[html.themewant.com/unipix/assets/images/bg/bg-image-20.jpg]
[html.themewant.com/unipix/assets/images/bg/bg-image-21.jpg]
[html.themewant.com/unipix/assets/images/bg/bg-image-22.jpg]
[html.themewant.com/unipix/assets/images/bg/bg-image-23.jpg]
[html.themewant.com/unipix/assets/images/bg/bg-image-24.jpg]
[html.themewant.com/unipix/assets/images/bg/bg-image-25.jpg]
[html.themewant.com/unipix/assets/images/bg/bg-image-26.jpg]
[html.themewant.com/unipix/assets/images/bg/bg-image-27.jpg]
[html.themewant.com/unipix/assets/images/bg/bg-image-28.jpg]
[html.themewant.com/unipix/assets/images/bg/bg-image-29.jpg]
[html.themewant.com/unipix/assets/images/bg/bg-image-30.jpg]
[html.themewant.com/unipix/assets/images/bg/bg-image-31.jpg]
[html.themewant.com/unipix/assets/images/bg/bg-image-32.jpg]
[html.themewant.com/unipix/assets/images/bg/bg-image-33.jpg]
[html.themewant.com/unipix/assets/images/bg/bg-image-34.jpg]
[html.themewant.com/unipix/assets/images/bg/bg-image-35.jpg]
[html.themewant.com/unipix/assets/images/bg/bg-image-36.jpg]
[html.themewant.com/unipix/assets/images/bg/bg-image-37.jpg]
[html.themewant.com/unipix/assets/images/bg/bg-image-38.jpg]
[html.themewant.com/unipix/assets/images/bg/bg-image-39.jpg]
[html.themewant.com/unipix/assets/images/bg/bg-image-40.jpg]
[html.themewant.com/unipix/assets/images/bg/bg-image-1.png]
[html.themewant.com/unipix/assets/images/bg/bg-image-2.png]
[html.themewant.com/unipix/assets/images/bg/bg-image-3.png]
[html.themewant.com/unipix/assets/images/bg/bg-image-4.png]
[html.themewant.com/unipix/assets/images/bg/bg-image-5.png]
[html.themewant.com/unipix/assets/images/bg/bg-image-6.png]
[html.themewant.com/unipix/assets/images/bg/bg-image-7.png]
[html.themewant.com/unipix/assets/images/bg/bg-image-8.png]
[html.themewant.com/unipix/assets/images/bg/bg-image-9.png]
[html.themewant.com/unipix/assets/images/bg/bg-image-10.png]
[html.themewant.com/unipix/assets/images/bg/bg-image-11.png]
[html.themewant.com/unipix/assets/images/bg/bg-image-12.png]
[html.themewant.com/unipix/assets/images/bg/bg-image-13.png]
[html.themewant.com/unipix/assets/images/bg/bg-image-14.png]
[html.themewant.com/unipix/assets/images/bg/bg-image-15.png]
[html.themewant.com/unipix/assets/images/bg/bg-image-16.png]
[html.themewant.com/unipix/assets/images/bg/bg-image-17.png]
[html.themewant.com/unipix/assets/images/bg/bg-image-18.96.delayed]
[html.themewant.com/unipix/assets/images/bg/bg-image-19.png]
[html.themewant.com/unipix/assets/images/bg/bg-image-20.png]
[html.themewant.com/unipix/assets/images/icon/highlight.svg]
[html.themewant.com/unipix/assets/images/banner/shape__h1.svg]
[html.themewant.com/unipix/assets/images/banner/arrow__line.svg]
[html.themewant.com/unipix/assets/images/feature/scholarship-bg.jpg]
[html.themewant.com/unipix/assets/images/campus/bg-line.svg]
[html.themewant.com/unipix/assets/images/icon/arrow-rotate.svg]
[html.themewant.com/unipix/assets/images/course/event-bg.jpg]
[html.themewant.com/unipix/assets/images/icon/check.svg]
[html.themewant.com/unipix/assets/images/newsletter/bg-1.jpg]
[html.themewant.com/unipix/assets/images/banner/shape/close.png]
[html.themewant.com/unipix/assets/css/style.css]
[html.themewant.com/unipix/assets/images/banner/image__1.jpg]
[html.themewant.com/unipix/assets/images/icon/e-cap.svg]
[html.themewant.com/unipix/assets/images/banner/image__2.jpg]
[html.themewant.com/unipix/assets/images/banner/banner-svg.svg]
[html.themewant.com/unipix/assets/images/about/about__h1.png]
[html.themewant.com/unipix/assets/images/about/about__h2.png]
[html.themewant.com/unipix/assets/images/program/program__1.jpg]
[html.themewant.com/unipix/assets/images/program/program__2.jpg]
[html.themewant.com/unipix/assets/images/program/program__3.jpg]
[html.themewant.com/unipix/assets/images/program/program__4.jpg]
[html.themewant.com/unipix/assets/images/campus/campus__vector.svg]
[html.themewant.com/unipix/assets/images/campus/campus__life__bg__1.jpg]
[html.themewant.com/unipix/assets/images/campus/campus__life__bg__2.jpg]
[html.themewant.com/unipix/assets/images/campus/campus__life__bg__3.jpg]
[html.themewant.com/unipix/assets/images/speaker/teacher__1.jpg]
[html.themewant.com/unipix/assets/images/speaker/teacher__2.jpg]
[html.themewant.com/unipix/assets/images/speaker/teacher__3.jpg]
[html.themewant.com/unipix/assets/images/speaker/teacher__4.jpg]
[html.themewant.com/unipix/assets/images/research/01.jpg]
[html.themewant.com/unipix/assets/images/research/02.jpg]
[html.themewant.com/unipix/assets/images/research/03.jpg]
[html.themewant.com/unipix/assets/images/event/01.jpg]
[html.themewant.com/unipix/assets/images/icon/calendar.svg]
[html.themewant.com/unipix/assets/images/event/02.jpg]
[html.themewant.com/unipix/assets/images/event/03.jpg]
[html.themewant.com/unipix/assets/images/blog/big-thumb-1.jpg]
[html.themewant.com/unipix/assets/images/blog/small-thumb-1.jpg]
[html.themewant.com/unipix/assets/images/blog/small-thumb-2.jpg]
[html.themewant.com/unipix/assets/images/blog/small-thumb-3.jpg]
[html.themewant.com/unipix/index.html]
[html.themewant.com/unipix/assets/images/logo/logo__five.svg]
[html.themewant.com/unipix/assets/images/logo/logo__two.svg]
[html.themewant.com/unipix/assets/images/banner/01.jpg]
[html.themewant.com/unipix/assets/images/banner/02.jpg]
[html.themewant.com/unipix/assets/images/about/about__h2-1.png]
[html.themewant.com/unipix/assets/images/about/about__h2-2.png]
[html.themewant.com/unipix/assets/images/icon/e-cap-pix.svg]
[html.themewant.com/unipix/assets/images/icon/mission.svg]
[html.themewant.com/unipix/assets/images/icon/vission.svg]
[html.themewant.com/unipix/assets/images/program/program__bg.jpg]
[html.themewant.com/unipix/assets/images/campus/01.jpg]
[html.themewant.com/unipix/assets/images/campus/02.jpg]
[html.themewant.com/unipix/assets/images/campus/03.jpg]
[html.themewant.com/unipix/assets/images/icon/note_khata.svg]
[html.themewant.com/unipix/assets/images/icon/book.svg]
[html.themewant.com/unipix/assets/images/icon/compas_scale.svg]
[html.themewant.com/unipix/assets/images/event/event__bg.jpg]
[html.themewant.com/unipix/assets/images/testimonial/author-2.png]
[html.themewant.com/unipix/assets/images/testimonial/author-3.png]
[html.themewant.com/unipix/assets/images/blog/blog__1.jpg]
[html.themewant.com/unipix/assets/images/blog/blog__2.jpg]
[html.themewant.com/unipix/assets/images/brand/01.svg]
[html.themewant.com/unipix/assets/images/brand/02.svg]
[html.themewant.com/unipix/assets/images/brand/03.svg]
[html.themewant.com/unipix/assets/images/brand/04.svg]
[html.themewant.com/unipix/assets/images/brand/05.svg]
[html.themewant.com/unipix/assets/images/brand/06.svg]
[html.themewant.com/unipix/assets/images/blog/w-1.jpg]
[html.themewant.com/unipix/index-two.html]
[html.themewant.com/unipix/assets/images/banner/slider__3.jpg]
[html.themewant.com/unipix/assets/images/banner/banner__3--icon.svg]
[html.themewant.com/unipix/assets/images/banner/slider__3-2.jpg]
[html.themewant.com/unipix/assets/images/feature/01.jpg]
[html.themewant.com/unipix/assets/images/feature/shape/01.png]
[html.themewant.com/unipix/assets/images/feature/shape/02.png]
[html.themewant.com/unipix/assets/images/feature/shape/03.png]
[html.themewant.com/unipix/assets/images/feature/shape/04.png]
[html.themewant.com/unipix/assets/images/campus/paralax__image.jpg]
[html.themewant.com/unipix/assets/images/feature/admission-form.jpg]
[html.themewant.com/unipix/assets/images/feature/shape/01.svg]
[html.themewant.com/unipix/assets/images/feature/shape/02.svg]
[html.themewant.com/unipix/assets/images/feature/shape/03.svg]
[html.themewant.com/unipix/assets/images/feature/shape/04.svg]
[html.themewant.com/unipix/assets/images/feature/shape/05.svg]
[html.themewant.com/unipix/index-three.html]
[html.themewant.com/unipix/assets/images/banner/slider__4.jpg]
[html.themewant.com/unipix/assets/images/banner/slider__5.jpg]
[html.themewant.com/unipix/assets/images/apply/shape/01.png]
[html.themewant.com/unipix/assets/images/apply/shape/02.png]
[html.themewant.com/unipix/assets/images/apply/shape/03.png]
[html.themewant.com/unipix/assets/images/apply/shape/04.png]
[html.themewant.com/unipix/assets/images/feature/campus-2.jpg]
[html.themewant.com/unipix/assets/images/icon/play-round.svg]
[html.themewant.com/unipix/assets/images/icon/play-icon.svg]
[html.themewant.com/unipix/assets/images/program/icon/03.svg]
[html.themewant.com/unipix/assets/images/icon/04.svg]
[html.themewant.com/unipix/assets/images/icon/05.svg]
[html.themewant.com/unipix/assets/images/icon/06.svg]
[html.themewant.com/unipix/assets/images/program/icon/01.svg]
[html.themewant.com/unipix/assets/images/apply/01.jpg]
[html.themewant.com/unipix/assets/images/icon/07.svg]
[html.themewant.com/unipix/assets/images/feature/research-1.jpg]
[html.themewant.com/unipix/assets/images/icon/09.svg]
[html.themewant.com/unipix/assets/images/icon/10.svg]
[html.themewant.com/unipix/assets/images/author/01.png]
[html.themewant.com/unipix/assets/images/icon/phone.svg]
[html.themewant.com/unipix/assets/images/feature/research/01.svg]
[html.themewant.com/unipix/assets/images/feature/research/02.svg]
[html.themewant.com/unipix/assets/images/feature/research/03.svg]
[html.themewant.com/unipix/notice-details.html]
[html.themewant.com/unipix/assets/images/icon/video-btn.svg]
[html.themewant.com/unipix/blog-detail.html]
[html.themewant.com/unipix/index-four.html]
[html.themewant.com/unipix/assets/images/icon/e-cap-small.svg]
[html.themewant.com/unipix/assets/images/banner/slider__5-2.jpg]
[html.themewant.com/unipix/assets/images/banner/slider__5-3.jpg]
[html.themewant.com/unipix/assets/images/icon/marquee__vector.svg]
[html.themewant.com/unipix/assets/images/about/about__5.jpg]
[html.themewant.com/unipix/assets/images/campus/paralax__image-2.jpg]
[html.themewant.com/unipix/assets/images/testimonial/testimonial-big-2.jpg]
[html.themewant.com/unipix/assets/images/testimonial/quote-2.svg]
[html.themewant.com/unipix/assets/images/author/02.png]
[html.themewant.com/unipix/index-five.html]
[html.themewant.com/unipix/assets/images/feature/admission-form-2.jpg]
[html.themewant.com/unipix/assets/images/campus/10.jpg]
[html.themewant.com/unipix/assets/images/campus/11.jpg]
[html.themewant.com/unipix/assets/images/campus/gallery/2x1.jpg]
[html.themewant.com/unipix/assets/images/campus/gallery/01.jpg]
[html.themewant.com/unipix/assets/images/campus/gallery/2x2.jpg]
[html.themewant.com/unipix/assets/images/campus/gallery/02.jpg]
[html.themewant.com/unipix/assets/images/campus/gallery/2x3.jpg]
[html.themewant.com/unipix/assets/images/campus/gallery/03.jpg]
[html.themewant.com/unipix/assets/images/campus/gallery/2x4.jpg]
[html.themewant.com/unipix/assets/images/campus/gallery/04.jpg]
[html.themewant.com/unipix/assets/images/campus/gallery/2x5.jpg]
[html.themewant.com/unipix/assets/images/campus/gallery/05.jpg]
[html.themewant.com/unipix/assets/images/campus/gallery/2x6.jpg]
[html.themewant.com/unipix/assets/images/campus/gallery/06.jpg]
[html.themewant.com/unipix/assets/images/campus/07.jpg]
[html.themewant.com/unipix/assets/images/campus/08.jpg]
[html.themewant.com/unipix/athletics.html]
[html.themewant.com/unipix/assets/images/campus/09.jpg]
[html.themewant.com/unipix/assets/images/faculty/01.jpg]
[html.themewant.com/unipix/assets/images/faculty/02.jpg]
[html.themewant.com/unipix/assets/images/faculty/03.jpg]
[html.themewant.com/unipix/assets/images/faculty/04.jpg]
[html.themewant.com/unipix/assets/images/faculty/05.jpg]
[html.themewant.com/unipix/assets/images/faculty/06.jpg]
[html.themewant.com/unipix/assets/images/faculty/07.jpg]
[html.themewant.com/unipix/assets/images/faculty/08.jpg]
[html.themewant.com/unipix/faculty.html]
[html.themewant.com/unipix/assets/images/faculty/mem-1.jpg]
[html.themewant.com/unipix/faculty-details.html]
[html.themewant.com/unipix/assets/images/campus/research.jpg]
[html.themewant.com/unipix/assets/images/campus/12.jpg]
[html.themewant.com/unipix/assets/images/campus/13.jpg]
[html.themewant.com/unipix/assets/images/campus/14.jpg]
[html.themewant.com/unipix/assets/images/campus/research-2.jpg]
[html.themewant.com/unipix/assets/images/icon/14.svg]
[html.themewant.com/unipix/assets/images/icon/15.svg]
[html.themewant.com/unipix/research.html]
[html.themewant.com/unipix/assets/images/icon/16.svg]
[html.themewant.com/unipix/assets/images/feature/academic-1.jpg]
[html.themewant.com/unipix/assets/images/feature/multi-1.jpg]
[html.themewant.com/unipix/assets/images/feature/multi-2.jpg]
[html.themewant.com/unipix/assets/images/feature/multi-3.jpg]
[html.themewant.com/unipix/academic.html]
[html.themewant.com/unipix/assets/images/course/admission-bg.jpg]
[html.themewant.com/unipix/admission.html]
[html.themewant.com/unipix/assets/images/course/01.jpg]
[html.themewant.com/unipix/assets/images/course/02.jpg]
[html.themewant.com/unipix/assets/images/course/03.jpg]
[html.themewant.com/unipix/assets/images/course/04.jpg]
[html.themewant.com/unipix/assets/images/course/05.jpg]
[html.themewant.com/unipix/assets/images/course/06.jpg]
[html.themewant.com/unipix/assets/images/course/07.jpg]
[html.themewant.com/unipix/assets/images/course/08.jpg]
[html.themewant.com/unipix/assets/images/course/09.jpg]
[html.themewant.com/unipix/assets/images/course/10.jpg]
[html.themewant.com/unipix/assets/images/course/11.jpg]
[html.themewant.com/unipix/assets/images/course/12.jpg]
[html.themewant.com/unipix/assets/images/course/13.jpg]
[html.themewant.com/unipix/assets/images/course/14.jpg]
[html.themewant.com/unipix/assets/images/course/15.jpg]
[html.themewant.com/unipix/academic-area.html]
[html.themewant.com/unipix/assets/images/campus/video-bg.jpg]
[html.themewant.com/unipix/assets/images/campus/04.jpg]
[html.themewant.com/unipix/assets/images/campus/05.jpg]
[html.themewant.com/unipix/assets/images/campus/06.jpg]
[html.themewant.com/unipix/campus-life.html]
[html.themewant.com/unipix/assets/images/course/scholarship-big.jpg]
[html.themewant.com/unipix/scholarship.html]
[html.themewant.com/unipix/tution-fee.html]
[html.themewant.com/unipix/assets/images/banner/alumni__banner.jpg]
[html.themewant.com/unipix/assets/images/alumni/01.jpg]
[html.themewant.com/unipix/assets/images/alumni/02.jpg]
[html.themewant.com/unipix/assets/images/speaker/01.jpg]
[html.themewant.com/unipix/assets/images/speaker/02.jpg]
[html.themewant.com/unipix/assets/images/speaker/03.jpg]
[html.themewant.com/unipix/assets/images/speaker/04.jpg]
[html.themewant.com/unipix/alumni.html]
[html.themewant.com/unipix/assets/images/course/program-big.jpg]
[html.themewant.com/unipix/program-single.html]
[html.themewant.com/unipix/assets/images/campus/event/01.jpg]
[html.themewant.com/unipix/assets/images/campus/event/02.jpg]
[html.themewant.com/unipix/assets/images/campus/event/03.jpg]
[html.themewant.com/unipix/assets/images/campus/event/04.jpg]
[html.themewant.com/unipix/assets/images/campus/event/05.jpg]
[html.themewant.com/unipix/assets/images/campus/event/06.jpg]
[html.themewant.com/unipix/event.html]
[html.themewant.com/unipix/assets/images/campus/event/event-details.jpg]
[html.themewant.com/unipix/event-details.html]
[html.themewant.com/unipix/assets/images/blog/01.jpg]
[html.themewant.com/unipix/assets/images/blog/02.jpg]
[html.themewant.com/unipix/assets/images/blog/03.jpg]
[html.themewant.com/unipix/blog.html]
[html.themewant.com/unipix/blog-grid.html]
[html.themewant.com/unipix/assets/images/blog/blog-big-1.jpg]
[html.themewant.com/unipix/assets/images/blog/blog-big-2.jpg]
[html.themewant.com/unipix/assets/images/blog/blog-big-3.jpg]
[html.themewant.com/unipix/blog-list.html]
[html.themewant.com/unipix/assets/images/blog/blog-details.jpg]
[html.themewant.com/unipix/assets/images/blog/blog-recent-1.jpg]
[html.themewant.com/unipix/assets/images/blog/blog-recent-2.jpg]
[html.themewant.com/unipix/assets/images/blog/blog-recent-3.jpg]
[html.themewant.com/unipix/blog-details.html]
[html.themewant.com/unipix/assets/images/contact/01.jpg]
[html.themewant.com/unipix/assets/images/contact/02.jpg]
[html.themewant.com/unipix/contact.html]
[html.themewant.com/unipix/assets/images/contact/03.jpg]
[html.themewant.com/unipix/assets/images/icon/menu__bar-2.svg]
[html.themewant.com/unipix/assets/images/icon/11.svg]
[html.themewant.com/unipix/assets/images/icon/12.svg]
[html.themewant.com/unipix/assets/images/icon/13.svg]
[html.themewant.com/unipix/assets/images/testimonial/quote.svg]
[html.themewant.com/unipix/index-2.html]
[html.themewant.com/unipix/assets/images/logo/logo__white.svg]
[html.themewant.com/unipix/reasearch.html]
[html.themewant.com/unipix/assets/js/vendor/jquery.min.js]
[html.themewant.com/unipix/assets/js/plugins/bootstrap.min.js]
[html.themewant.com/unipix/assets/js/vendor/jquery-ui.js]
[html.themewant.com/unipix/assets/js/vendor/waw.js]
[html.themewant.com/unipix/assets/js/vendor/metismenu.js]
[html.themewant.com/unipix/assets/js/vendor/magnifying-popup.js]
[html.themewant.com/unipix/assets/js/plugins/swiper.js]
[html.themewant.com/unipix/assets/js/plugins/counterup.js]
[html.themewant.com/unipix/assets/js/vendor/waypoint.js]
[html.themewant.com/unipix/assets/js/plugins/isotop.js]
[html.themewant.com/unipix/assets/js/plugins/imagesloaded.pkgd.min.js]
[html.themewant.com/unipix/assets/js/plugins/sticky-sidebar.js]
[html.themewant.com/unipix/assets/js/plugins/resize-sensor.js]
[html.themewant.com/unipix/assets/js/plugins/twinmax.js]
[html.themewant.com/unipix/assets/js/plugins/contact.form.js]
[html.themewant.com/unipix/assets/js/plugins/nice-select.min.js]
[html.themewant.com/unipix/assets/js/main.js]
[html.themewant.com/htdocs_error/style.css]
[html.themewant.com/unipix/Version/index.html]
[maxcdn.bootstrapcdn.com/bootstrap/3.3.7/css/bootstrap.min.css]
[www.google-analytics.com/analytics.js]
[html.themewant.com/htdocs_error/something-lost.png]
[html.themewant.com/unipix/assets/fonts/fa-duotone-900.html]
[html.themewant.com/unipix/assets/fonts/fa-duotone-901.html]
[html.themewant.com/unipix/assets/css/plugins/images/ui-icons_444444_256x240.html]
[html.themewant.com/unipix/assets/css/plugins/images/ui-icons_555555_256x240.html]
[html.themewant.com/unipix/assets/css/plugins/images/ui-icons_ffffff_256x240.html]
[html.themewant.com/unipix/assets/css/plugins/images/ui-icons_777620_256x240.html]
[html.themewant.com/unipix/assets/css/plugins/images/ui-icons_cc0000_256x240.html]
[html.themewant.com/unipix/assets/css/plugins/images/ui-icons_777777_256x240.html]
[html.themewant.com/unipix/assets/fonts/Canela-Bold.eot]
[html.themewant.com/unipix/assets/fonts/Canela-Boldd41d.eot]
[html.themewant.com/unipix/assets/fonts/Canela-Bold.woff2]
[html.themewant.com/unipix/assets/fonts/Canela-Bold.woff]
[html.themewant.com/unipix/assets/fonts/Canela-MediumItalic.eot]
[html.themewant.com/unipix/assets/fonts/Canela-MediumItalicd41d.eot]
[html.themewant.com/unipix/assets/fonts/Canela-MediumItalic.woff2]
[html.themewant.com/unipix/assets/fonts/Canela-MediumItalic.woff]
[html.themewant.com/unipix/assets/fonts/Canela-RegularItalic.eot]
[html.themewant.com/unipix/assets/fonts/Canela-RegularItalicd41d.eot]
[html.themewant.com/unipix/assets/fonts/Canela-RegularItalic.woff2]
[html.themewant.com/unipix/assets/fonts/Canela-RegularItalic.woff]
[html.themewant.com/unipix/assets/fonts/Canela-BoldItalic.eot]
[html.themewant.com/unipix/assets/fonts/Canela-BoldItalicd41d.eot]
[html.themewant.com/unipix/assets/fonts/Canela-BoldItalic.woff2]
[html.themewant.com/unipix/assets/fonts/Canela-BoldItalic.woff]
[html.themewant.com/unipix/assets/fonts/Canela-Medium.eot]
[html.themewant.com/unipix/assets/fonts/Canela-Mediumd41d.eot]
[html.themewant.com/unipix/assets/fonts/Canela-Medium.woff2]
[html.themewant.com/unipix/assets/fonts/Canela-Medium.woff]
[html.themewant.com/unipix/assets/fonts/Canela-Regular.eot]
[html.themewant.com/unipix/assets/fonts/Canela-Regulard41d.eot]
[html.themewant.com/unipix/assets/fonts/Canela-Regular.woff2]
[html.themewant.com/unipix/assets/fonts/Canela-Regular.woff]
[html.themewant.com/unipix/assets/css/vendor/canela-font.css]
[html.themewant.com/unipix/assets/images/bg/bg-image-1.html]
[html.themewant.com/unipix/assets/images/bg/bg-image-2.html]
[html.themewant.com/unipix/assets/images/bg/bg-image-3.html]
[html.themewant.com/unipix/assets/images/bg/bg-image-4.html]
[html.themewant.com/unipix/assets/images/bg/bg-image-5.html]
[html.themewant.com/unipix/assets/images/bg/bg-image-6.html]
[html.themewant.com/unipix/assets/images/bg/bg-image-7.html]
[html.themewant.com/unipix/assets/images/bg/bg-image-8.html]
[html.themewant.com/unipix/assets/images/bg/bg-image-9.html]
[html.themewant.com/unipix/assets/images/bg/bg-image-10.html]
[html.themewant.com/unipix/assets/images/bg/bg-image-11.html]
[html.themewant.com/unipix/assets/images/bg/bg-image-12.html]
[html.themewant.com/unipix/assets/images/bg/bg-image-13.html]
[html.themewant.com/unipix/assets/images/bg/bg-image-14.html]
[html.themewant.com/unipix/assets/images/bg/bg-image-15.html]
[html.themewant.com/unipix/assets/images/bg/bg-image-16.html]
[html.themewant.com/unipix/assets/images/bg/bg-image-17.html]
[html.themewant.com/unipix/assets/images/bg/bg-image-18.html]
[html.themewant.com/unipix/assets/images/bg/bg-image-19.html]
[html.themewant.com/unipix/assets/images/bg/bg-image-20.html]
[html.themewant.com/unipix/assets/images/bg/bg-image-21.html]
[html.themewant.com/unipix/assets/images/bg/bg-image-22.html]
[html.themewant.com/unipix/assets/images/bg/bg-image-23.html]
[html.themewant.com/unipix/assets/images/bg/bg-image-24.html]
[html.themewant.com/unipix/assets/images/bg/bg-image-25.html]
[html.themewant.com/unipix/assets/images/bg/bg-image-26.html]
[html.themewant.com/unipix/assets/images/bg/bg-image-27.html]
[html.themewant.com/unipix/assets/images/bg/bg-image-28.html]
[html.themewant.com/unipix/assets/images/bg/bg-image-29.html]
[html.themewant.com/unipix/assets/images/bg/bg-image-30.html]
[html.themewant.com/unipix/assets/images/bg/bg-image-31.html]
[html.themewant.com/unipix/assets/images/bg/bg-image-32.html]
[html.themewant.com/unipix/assets/images/bg/bg-image-33.html]
[html.themewant.com/unipix/assets/images/bg/bg-image-34.html]
[html.themewant.com/unipix/assets/images/bg/bg-image-35.html]
[html.themewant.com/unipix/assets/images/bg/bg-image-36.html]
[html.themewant.com/unipix/assets/images/bg/bg-image-37.html]
[html.themewant.com/unipix/assets/images/bg/bg-image-38.html]
[html.themewant.com/unipix/assets/images/bg/bg-image-39.html]
[html.themewant.com/unipix/assets/images/bg/bg-image-40.html]
[html.themewant.com/unipix/assets/images/bg/bg-image-41.html]
[html.themewant.com/unipix/assets/images/bg/bg-image-42.html]
[html.themewant.com/unipix/assets/images/bg/bg-image-43.html]
[html.themewant.com/unipix/assets/images/bg/bg-image-44.html]
[html.themewant.com/unipix/assets/images/bg/bg-image-45.html]
[html.themewant.com/unipix/assets/images/bg/bg-image-46.html]
[html.themewant.com/unipix/assets/images/bg/bg-image-47.html]
[html.themewant.com/unipix/assets/images/bg/bg-image-48.html]
[html.themewant.com/unipix/assets/images/bg/bg-image-49.html]
[html.themewant.com/unipix/assets/images/bg/bg-image-50.html]
[html.themewant.com/unipix/assets/images/bg/bg-image-51.html]
[html.themewant.com/unipix/assets/images/bg/bg-image-52.html]
[html.themewant.com/unipix/assets/images/bg/bg-image-53.html]
[html.themewant.com/unipix/assets/images/bg/bg-image-54.html]
[html.themewant.com/unipix/assets/images/bg/bg-image-55.html]
[html.themewant.com/unipix/assets/images/bg/bg-image-56.html]
[html.themewant.com/unipix/assets/images/bg/bg-image-57.html]
[html.themewant.com/unipix/assets/images/bg/bg-image-58.html]
[html.themewant.com/unipix/assets/images/bg/bg-image-59.html]
[html.themewant.com/unipix/assets/images/bg/bg-image-60.html]
[html.themewant.com/unipix/assets/images/icon/highlight.svg]
[html.themewant.com/unipix/assets/images/banner/shape__h1.svg]
[html.themewant.com/unipix/assets/images/banner/arrow__line.svg]
[html.themewant.com/unipix/assets/images/campus/bg-line.svg]
[html.themewant.com/unipix/assets/images/icon/arrow-rotate.svg]
[html.themewant.com/unipix/assets/images/icon/check.svg]
[html.themewant.com/unipix/assets/images/banner/shape/close.html]
[html.themewant.com/unipix/assets/images/icon/bar__line.svg]
[html.themewant.com/unipix/assets/images/icon/e-cap.svg]
[html.themewant.com/unipix/assets/images/banner/banner-svg.svg]
[html.themewant.com/unipix/assets/images/campus/campus__vector.svg]
[html.themewant.com/unipix/assets/images/icon/calendar.svg]
[html.themewant.com/unipix/assets/images/logo/logo__two.svg]
[html.themewant.com/unipix/assets/images/icon/menu__bar.svg]
[html.themewant.com/unipix/assets/images/icon/e-cap-pix.svg]
[html.themewant.com/unipix/assets/images/icon/mission.svg]
[html.themewant.com/unipix/assets/images/icon/vission.svg]
[html.themewant.com/unipix/assets/images/icon/note_khata.svg]
[html.themewant.com/unipix/assets/images/icon/book.svg]
[html.themewant.com/unipix/assets/images/icon/compas_scale.svg]
[html.themewant.com/unipix/assets/images/brand/01.svg]
[html.themewant.com/unipix/assets/images/brand/02.svg]
[html.themewant.com/unipix/assets/images/brand/03.svg]
[html.themewant.com/unipix/assets/images/brand/04.svg]
[html.themewant.com/unipix/assets/images/brand/05.svg]
[html.themewant.com/unipix/assets/images/brand/06.svg]
[html.themewant.com/unipix/assets/images/icon/menu__bar-3.svg]
[html.themewant.com/unipix/assets/images/banner/banner__3--icon.svg]
[html.themewant.com/unipix/assets/images/feature/shape/01.svg]
[html.themewant.com/unipix/assets/images/feature/shape/02.svg]
[html.themewant.com/unipix/assets/images/feature/shape/03.svg]
[html.themewant.com/unipix/assets/images/feature/shape/04.svg]
[html.themewant.com/unipix/assets/images/feature/shape/05.svg]
[html.themewant.com/unipix/assets/images/icon/play-round.svg]
[html.themewant.com/unipix/assets/images/icon/play-icon.svg]
[html.themewant.com/unipix/assets/images/program/icon/03.svg]
[html.themewant.com/unipix/assets/images/icon/04.svg]
[html.themewant.com/unipix/assets/images/icon/05.svg]
[html.themewant.com/unipix/assets/images/icon/06.svg]
[html.themewant.com/unipix/assets/images/program/icon/01.svg]
[html.themewant.com/unipix/assets/images/icon/07.svg]
[html.themewant.com/unipix/assets/images/icon/09.svg]
[html.themewant.com/unipix/assets/images/icon/10.svg]
[html.themewant.com/unipix/assets/images/icon/phone.svg]
[html.themewant.com/unipix/assets/images/feature/research/01.svg]
[html.themewant.com/unipix/assets/images/feature/research/02.svg]
[html.themewant.com/unipix/assets/images/feature/research/03.svg]
[html.themewant.com/unipix/assets/images/logo/logo-default.svg]
[html.themewant.com/unipix/assets/images/sign.png]
[html.themewant.com/unipix/assets/files/document.pdf]
[html.themewant.com/unipix/assets/images/logo/footer-logo.svg]
[html.themewant.com/unipix/notice-details.html]
[html.themewant.com/unipix/assets/images/icon/video-btn.svg]
[html.themewant.com/unipix/blog-detail.html]
[html.themewant.com/unipix/assets/images/icon/e-cap-small.svg]
[html.themewant.com/unipix/assets/images/icon/marquee__vector.svg]
[html.themewant.com/unipix/assets/images/testimonial/quote-2.svg]
[html.themewant.com/unipix/assets/images/icon/14.svg]
[html.themewant.com/unipix/assets/images/icon/15.svg]
[html.themewant.com/unipix/assets/images/icon/16.svg]
[html.themewant.com/unipix/Version/index.html]
[html.themewant.com/htdocs_error/style.css]
[maxcdn.bootstrapcdn.com/bootstrap/3.3.7/css/bootstrap.min.css]
[html.themewant.com/unipix/assets/fonts/Canela-MediumItalic.html]
[html.themewant.com/unipix/assets/fonts/Canela-MediumItalicd41d.html]
[html.themewant.com/unipix/assets/fonts/Canela-MediumItalic-2.html]
[html.themewant.com/unipix/assets/fonts/Canela-MediumItalic-3.html]
[html.themewant.com/unipix/assets/fonts/Canela-RegularItalic.html]
[html.themewant.com/unipix/assets/fonts/Canela-RegularItalicd41d.html]
[html.themewant.com/unipix/assets/fonts/Canela-RegularItalic-2.html]
[html.themewant.com/unipix/assets/fonts/Canela-RegularItalic-3.html]
[html.themewant.com/unipix/assets/fonts/Canela-BoldItalic.html]
[html.themewant.com/unipix/assets/fonts/Canela-BoldItalicd41d.html]
[html.themewant.com/unipix/assets/fonts/Canela-BoldItalic-2.html]
[html.themewant.com/unipix/assets/fonts/Canela-BoldItalic-3.html]
[html.themewant.com/unipix/assets/images/logo/logo-default.svg]
[html.themewant.com/unipix/assets/images/icon/bar.svg]
[html.themewant.com/unipix/assets/images/logo/footer-logo.svg]
