[htmldemo.net/edubuzz/edubuzz/index.html]
[backblue.gif]
[fade.gif]
[index.html]
[htmldemo.net/edubuzz/edubuzz/img/favicon.ico]
[htmldemo.net/edubuzz/edubuzz/css/bootstrap.min.css]
[htmldemo.net/edubuzz/edubuzz/css/font-awesome.min.css]
[htmldemo.net/edubuzz/edubuzz/css/material-design-iconic-font.min.css]
[htmldemo.net/edubuzz/edubuzz/css/plugin.css]
[htmldemo.net/edubuzz/edubuzz/style.css]
[htmldemo.net/edubuzz/edubuzz/css/responsive.css]
[htmldemo.net/edubuzz/edubuzz/img/logo/logo.png]
[htmldemo.net/edubuzz/edubuzz/index-2.html]
[htmldemo.net/edubuzz/edubuzz/about.html]
[htmldemo.net/edubuzz/edubuzz/gallery.html]
[htmldemo.net/edubuzz/edubuzz/gallery-2.html]
[htmldemo.net/edubuzz/edubuzz/gallery-four-column.html]
[htmldemo.net/edubuzz/edubuzz/course.html]
[htmldemo.net/edubuzz/edubuzz/courses-details.html]
[htmldemo.net/edubuzz/edubuzz/blog.html]
[htmldemo.net/edubuzz/edubuzz/blog-details.html]
[htmldemo.net/edubuzz/edubuzz/blog-left-sidebar.html]
[htmldemo.net/edubuzz/edubuzz/blog-no-sidebar.html]
[htmldemo.net/edubuzz/edubuzz/shop.html]
[htmldemo.net/edubuzz/edubuzz/single-product.html]
[htmldemo.net/edubuzz/edubuzz/cart.html]
[htmldemo.net/edubuzz/edubuzz/wishlist.html]
[htmldemo.net/edubuzz/edubuzz/checkout.html]
[htmldemo.net/edubuzz/edubuzz/login-register.html]
[htmldemo.net/edubuzz/edubuzz/team-details.html]
[htmldemo.net/edubuzz/edubuzz/event.html]
[htmldemo.net/edubuzz/edubuzz/event-details.html]
[htmldemo.net/edubuzz/edubuzz/contact.html]
[htmldemo.net/edubuzz/edubuzz/404.html]
[htmldemo.net/edubuzz/edubuzz/img/slider/1.jpg]
[htmldemo.net/edubuzz/edubuzz/img/slider/2.jpg]
[htmldemo.net/edubuzz/edubuzz/img/about/about1.jpg]
[htmldemo.net/edubuzz/edubuzz/img/course/1.jpg]
[htmldemo.net/edubuzz/edubuzz/img/teacher/1.png]
[htmldemo.net/edubuzz/edubuzz/img/course/2.jpg]
[htmldemo.net/edubuzz/edubuzz/img/course/3.jpg]
[htmldemo.net/edubuzz/edubuzz/img/latest/1.jpg]
[htmldemo.net/edubuzz/edubuzz/img/latest/2.jpg]
[htmldemo.net/edubuzz/edubuzz/img/latest/4.jpg]
[htmldemo.net/edubuzz/edubuzz/img/product/16.jpg]
[htmldemo.net/edubuzz/edubuzz/img/product/2.jpg]
[htmldemo.net/edubuzz/edubuzz/img/product/4.jpg]
[htmldemo.net/edubuzz/edubuzz/img/product/3.jpg]
[htmldemo.net/edubuzz/edubuzz/img/testimonial/testimonial1.png]
[htmldemo.net/edubuzz/edubuzz/img/testimonial/testimonial2.png]
[htmldemo.net/edubuzz/edubuzz/img/testimonial/testimonial3.png]
[htmldemo.net/edubuzz/edubuzz/img/testimonial/testimonial4.png]
[htmldemo.net/edubuzz/edubuzz/img/testimonial/testimonial5.png]
[htmldemo.net/edubuzz/edubuzz/img/event/1.jpg]
[htmldemo.net/edubuzz/edubuzz/img/event/2.jpg]
[htmldemo.net/edubuzz/edubuzz/img/event/3.jpg]
[htmldemo.net/edubuzz/edubuzz/img/logo/footer.png]
[htmldemo.net/edubuzz/edubuzz/js/vendor/modernizr-3.6.0.min.js]
[htmldemo.net/edubuzz/edubuzz/js/vendor/jquery-3.6.0.min.js]
[htmldemo.net/edubuzz/edubuzz/js/vendor/jquery-migrate-3.3.2.min.js]
[htmldemo.net/edubuzz/edubuzz/js/popper.min.js]
[htmldemo.net/edubuzz/edubuzz/js/bootstrap.min.js]
[htmldemo.net/edubuzz/edubuzz/js/ajax-mail.js]
[htmldemo.net/edubuzz/edubuzz/js/plugins.js]
[htmldemo.net/edubuzz/edubuzz/index.html]
[htmldemo.net/edubuzz/edubuzz/css/bootstrap.min.css]
[htmldemo.net/edubuzz/edubuzz/js/main.js]
[htmldemo.net/edubuzz/edubuzz/fonts/fontawesome-webfont3295.eot]
[htmldemo.net/edubuzz/edubuzz/fonts/fontawesome-webfontd41d.eot]
[htmldemo.net/edubuzz/edubuzz/fonts/fontawesome-webfont3295.woff2]
[htmldemo.net/edubuzz/edubuzz/fonts/fontawesome-webfont3295.woff]
[htmldemo.net/edubuzz/edubuzz/fonts/fontawesome-webfont3295.ttf]
[htmldemo.net/edubuzz/edubuzz/css/font-awesome.min.css]
[htmldemo.net/edubuzz/edubuzz/fonts/fontawesome-webfont3295.svg]
[htmldemo.net/edubuzz/edubuzz/fonts/Material-Design-Iconic-Fontd1f1.woff2]
[htmldemo.net/edubuzz/edubuzz/fonts/Material-Design-Iconic-Fontd1f1.woff]
[htmldemo.net/edubuzz/edubuzz/fonts/Material-Design-Iconic-Fontd1f1.ttf]
[htmldemo.net/edubuzz/edubuzz/css/material-design-iconic-font.min.css]
[htmldemo.net/edubuzz/edubuzz/css/owl.video.play.png]
[htmldemo.net/edubuzz/edubuzz/css/plugin.css]
[htmldemo.net/edubuzz/edubuzz/img/icon/cap-white.jpg]
[htmldemo.net/edubuzz/edubuzz/img/banner/2.jpg]
[htmldemo.net/edubuzz/edubuzz/img/banner/8.jpg]
[htmldemo.net/edubuzz/edubuzz/img/banner/7.png]
[htmldemo.net/edubuzz/edubuzz/close.gif]
[htmldemo.net/edubuzz/edubuzz/img/icon/arrow.png]
[htmldemo.net/edubuzz/edubuzz/img/icon/blockquote-quote.png]
[htmldemo.net/edubuzz/edubuzz/img/icon/icon_zoomin.png]
[htmldemo.net/edubuzz/edubuzz/style.css]
[htmldemo.net/edubuzz/edubuzz/css/responsive.css]
[htmldemo.net/edubuzz/edubuzz/img/slider/3.jpg]
[htmldemo.net/edubuzz/edubuzz/img/slider/4.jpg]
[htmldemo.net/edubuzz/edubuzz/img/about/about2.jpg]
[htmldemo.net/edubuzz/edubuzz/index-2.html]
[htmldemo.net/edubuzz/edubuzz/img/teacher/l-1.jpg]
[htmldemo.net/edubuzz/edubuzz/img/teacher/l-2.jpg]
[htmldemo.net/edubuzz/edubuzz/img/teacher/l-3.jpg]
[htmldemo.net/edubuzz/edubuzz/img/teacher/l-4.jpg]
[htmldemo.net/edubuzz/edubuzz/about.html]
[htmldemo.net/edubuzz/edubuzz/img/gallery/gallery1.jpg]
[htmldemo.net/edubuzz/edubuzz/img/gallery/gallery2.jpg]
[htmldemo.net/edubuzz/edubuzz/img/gallery/gallery3.jpg]
[htmldemo.net/edubuzz/edubuzz/img/gallery/gallery4.jpg]
[htmldemo.net/edubuzz/edubuzz/img/gallery/gallery5.jpg]
[htmldemo.net/edubuzz/edubuzz/img/gallery/gallery6.jpg]
[htmldemo.net/edubuzz/edubuzz/img/gallery/gallery7.jpg]
[htmldemo.net/edubuzz/edubuzz/img/gallery/gallery8.jpg]
[htmldemo.net/edubuzz/edubuzz/img/gallery/gallery9.jpg]
[htmldemo.net/edubuzz/edubuzz/gallery.html]
[htmldemo.net/edubuzz/edubuzz/gallery-2.html]
[htmldemo.net/edubuzz/edubuzz/img/gallery/gallery10.jpg]
[htmldemo.net/edubuzz/edubuzz/img/gallery/gallery11.jpg]
[htmldemo.net/edubuzz/edubuzz/img/gallery/gallery12.jpg]
[htmldemo.net/edubuzz/edubuzz/gallery-four-column.html]
[htmldemo.net/edubuzz/edubuzz/img/course/4.jpg]
[htmldemo.net/edubuzz/edubuzz/img/course/5.jpg]
[htmldemo.net/edubuzz/edubuzz/course.html]
[htmldemo.net/edubuzz/edubuzz/img/course/6.jpg]
[htmldemo.net/edubuzz/edubuzz/img/details/1.jpg]
[htmldemo.net/edubuzz/edubuzz/img/event/7.jpg]
[htmldemo.net/edubuzz/edubuzz/img/event/8.jpg]
[htmldemo.net/edubuzz/edubuzz/img/event/9.jpg]
[htmldemo.net/edubuzz/edubuzz/img/event/10.jpg]
[htmldemo.net/edubuzz/edubuzz/courses-details.html]
[htmldemo.net/edubuzz/edubuzz/img/latest/3.jpg]
[htmldemo.net/edubuzz/edubuzz/img/latest/5.jpg]
[htmldemo.net/edubuzz/edubuzz/img/latest/6.jpg]
[htmldemo.net/edubuzz/edubuzz/blog.html]
[htmldemo.net/edubuzz/edubuzz/img/latest/7.jpg]
[htmldemo.net/edubuzz/edubuzz/blog-details.html]
[htmldemo.net/edubuzz/edubuzz/img/banner/blog-banner1.jpg]
[htmldemo.net/edubuzz/edubuzz/blog-left-sidebar.html]
[htmldemo.net/edubuzz/edubuzz/blog-no-sidebar.html]
[htmldemo.net/edubuzz/edubuzz/img/product/6.jpg]
[htmldemo.net/edubuzz/edubuzz/img/product/12.jpg]
[htmldemo.net/edubuzz/edubuzz/img/product/13.jpg]
[htmldemo.net/edubuzz/edubuzz/img/product/8.jpg]
[htmldemo.net/edubuzz/edubuzz/img/product/9.jpg]
[htmldemo.net/edubuzz/edubuzz/img/product/14.jpg]
[htmldemo.net/edubuzz/edubuzz/img/product/15.jpg]
[htmldemo.net/edubuzz/edubuzz/img/product/11.jpg]
[htmldemo.net/edubuzz/edubuzz/shop.html]
[htmldemo.net/edubuzz/edubuzz/img/product/large/large1.jpg]
[htmldemo.net/edubuzz/edubuzz/img/product/large/large2.jpg]
[htmldemo.net/edubuzz/edubuzz/img/product/large/large3.jpg]
[htmldemo.net/edubuzz/edubuzz/img/product/large/large5.jpg]
[htmldemo.net/edubuzz/edubuzz/img/logo/logo.jpg]
[htmldemo.net/edubuzz/edubuzz/img/product/1.jpg]
[htmldemo.net/edubuzz/edubuzz/single-product.html]
[htmldemo.net/edubuzz/edubuzz/img/cart/cart1.jpg]
[htmldemo.net/edubuzz/edubuzz/img/cart/cart2.jpg]
[htmldemo.net/edubuzz/edubuzz/cart.html]
[htmldemo.net/edubuzz/edubuzz/img/cart/cart3.jpg]
[htmldemo.net/edubuzz/edubuzz/wishlist.html]
[htmldemo.net/edubuzz/edubuzz/checkout.html]
[htmldemo.net/edubuzz/edubuzz/login-register.html]
[htmldemo.net/edubuzz/edubuzz/img/teacher/large-1.jpg]
[htmldemo.net/edubuzz/edubuzz/team-details.html]
[htmldemo.net/edubuzz/edubuzz/img/event/4.jpg]
[htmldemo.net/edubuzz/edubuzz/img/event/5.jpg]
[htmldemo.net/edubuzz/edubuzz/img/event/6.jpg]
[htmldemo.net/edubuzz/edubuzz/event.html]
[htmldemo.net/edubuzz/edubuzz/img/event/11.jpg]
[htmldemo.net/edubuzz/edubuzz/img/banner/event-banner1.jpg]
[htmldemo.net/edubuzz/edubuzz/event-details.html]
[htmldemo.net/edubuzz/edubuzz/contact.html]
[htmldemo.net/edubuzz/edubuzz/404.html]
[htmldemo.net/edubuzz/edubuzz/fonts/fontawesome-webfont3295.svg]
[htmldemo.net/edubuzz/edubuzz/css/owl.video.play.html]
[htmldemo.net/edubuzz/edubuzz/close.html]
[htmldemo.net/edubuzz/edubuzz/img/logo/logo.html]
